contrast of the dark theme:
  7.24:1  the body text on the page
  5.98:1  the muted text on the page
  4.63:1  the muted text on a card
  5.53:1  the body text on a card
  5.17:1  the index of a step on its card
  6.76:1  the Next tag on the page
  6.76:1  the Next tag on its surface
  5.40:1  the commands on the terminal
  5.78:1  the output on the terminal
  4.64:1  the title bar on the terminal
  6.76:1  the ink of a lime shape
contrast of the light theme:
  7.24:1  the body text on the page
  4.81:1  the muted text on the page
  4.89:1  the muted text on a card
  7.49:1  the body text on a card
  7.49:1  the index of a step on its card
  7.24:1  the Next tag on the page
  7.24:1  the Next tag on its surface
  6.76:1  the commands on the terminal
  7.24:1  the output on the terminal
  5.53:1  the title bar on the terminal
  6.76:1  the ink of a lime shape
node.exe : 
file:///<workspace>/community-english-example/scripts/render-readme-graphics.mjs:1040
En línea: 1 Carácter: 1
+ & "C:\Program Files\nodejs/node.exe" "C:\Program Files\nodejs/node_mo ...
+ ~~~~~~~~~~~~~~~~~~~~~~~~~~~~~~~~~~~~~~~~~~~~~~~~~~~~~~~~~~~~~~~~~~~~~
    + CategoryInfo          : NotSpecified: (file:///C:/User...aphics.mjs:1040:String) [], RemoteException
    + FullyQualifiedErrorId : NativeCommandError
 
    if (proof.footerClearance < 36 || proof.result !== excerpt || proof.highlights !== 1 || proof.chips !== 1 || 
proof.fontSize !== '20px' || lines < 2 || lines > (evidenceLanguage === 'en' ? 4 : 2) || proof.eyebrowMargins.length 
!== 3 || proof.eyebrowMargins.some((margin) => margin !== '22px') || proof.proofPadding !== '22px' || 
proof.resultBorder !== '0px' || proof.rowPadding.some((padding) => padding.some((side) => side !== '24px')) || 
proof.columnDifference > 70) throw new Error(`Agent proof layout or source changed: ${JSON.stringify(proof)}`);
                                                                                                                       
                                                                                                                       
                                                                                                                       
                                                                                                                       
  ^

Error: Agent proof layout or source changed: {"footerClearance":28,"result":"1 · bike-workshop-policies.md · Guarantee 
(position 4)\nEvery repair carries a 90 day guarantee on the work.","highlights":1,"chips":1,"fontSize":"20px","lineHei
ght":"27px","excerptHeight":54,"eyebrowMargins":["22px","22px","22px"],"proofPadding":"22px","resultBorder":"0px","rowP
adding":[["24px","24px"],["24px","24px"],["24px","24px"]],"columnDifference":152.875}
    at render 
(file:///<workspace>/community-english-example/scripts/render-readme-graphics.mjs:1040:479)
    at async 
file:///<workspace>/community-english-example/scripts/render-readme-graphics.mjs:1230:24

Node.js v24.21.0
